2025-11-06 04:23:28,953 - SilhouetteMCP-Enhanced-Architecture - INFO - Iniciando SilhouetteMCP Enhanced Architecture System...
2025-11-06 04:23:28,953 - SilhouetteMCP-Enhanced-Architecture - INFO - Versión: 5.1.0
2025-11-06 04:23:28,953 - SilhouetteMCP-Enhanced-Architecture - INFO - Características habilitadas:
2025-11-06 04:23:28,953 - SilhouetteMCP-Enhanced-Architecture - INFO - - Auto-healing: True
2025-11-06 04:23:28,953 - SilhouetteMCP-Enhanced-Architecture - INFO - - Load balancing: True
2025-11-06 04:23:28,953 - SilhouetteMCP-Enhanced-Architecture - INFO - - Monitoreo de salud: True
2025-11-06 04:23:28,953 - SilhouetteMCP-Enhanced-Architecture - INFO - - Circuit breakers: 0 servicios protegidos
2025-11-06 04:23:28,956 - SilhouetteMCP-Enhanced-Architecture - INFO - Puertos disponibles:
2025-11-06 04:23:28,956 - SilhouetteMCP-Enhanced-Architecture - INFO - - 8010: Arquitectura Mejorada Principal
2025-11-06 04:23:28,959 - SilhouetteMCP-Enhanced-Architecture - INFO - - 8011: Sistemas de Coordinación
2025-11-06 04:23:28,962 - SilhouetteMCP-Enhanced-Architecture - INFO - - 8012: Auto-healing y Recuperación
2025-11-06 04:23:28,968 - SilhouetteMCP-Enhanced-Architecture - INFO - - 8013: Load Balancing y Escalabilidad
2025-11-06 04:23:28,970 - SilhouetteMCP-Enhanced-Architecture - INFO - - 8014: Métricas y Monitoreo Avanzado
2025-11-06 04:23:29,035 - SilhouetteMCP-Enhanced-Architecture - INFO - Inicializando sistema de arquitectura mejorada...
2025-11-06 04:23:29,036 - SilhouetteMCP-Enhanced-Architecture - INFO - Inicializados 30 agentes mejorados
2025-11-06 04:23:29,040 - SilhouetteMCP-Enhanced-Architecture - INFO - Sistema de arquitectura mejorada inicializado correctamente
2025-11-06 08:11:08,270 - SilhouetteMCP-Enhanced-Architecture - INFO - Iniciando SilhouetteMCP Enhanced Architecture System...
2025-11-06 08:11:08,270 - SilhouetteMCP-Enhanced-Architecture - INFO - Versión: 5.1.0
2025-11-06 08:11:08,270 - SilhouetteMCP-Enhanced-Architecture - INFO - Características habilitadas:
2025-11-06 08:11:08,270 - SilhouetteMCP-Enhanced-Architecture - INFO - - Auto-healing: True
2025-11-06 08:11:08,270 - SilhouetteMCP-Enhanced-Architecture - INFO - - Load balancing: True
2025-11-06 08:11:08,270 - SilhouetteMCP-Enhanced-Architecture - INFO - - Monitoreo de salud: True
2025-11-06 08:11:08,270 - SilhouetteMCP-Enhanced-Architecture - INFO - - Circuit breakers: 0 servicios protegidos
2025-11-06 08:11:08,270 - SilhouetteMCP-Enhanced-Architecture - INFO - Puertos disponibles:
2025-11-06 08:11:08,270 - SilhouetteMCP-Enhanced-Architecture - INFO - - 8010: Arquitectura Mejorada Principal
2025-11-06 08:11:08,273 - SilhouetteMCP-Enhanced-Architecture - INFO - - 8011: Sistemas de Coordinación
2025-11-06 08:11:08,273 - SilhouetteMCP-Enhanced-Architecture - INFO - - 8012: Auto-healing y Recuperación
2025-11-06 08:11:08,274 - SilhouetteMCP-Enhanced-Architecture - INFO - - 8013: Load Balancing y Escalabilidad
2025-11-06 08:11:08,276 - SilhouetteMCP-Enhanced-Architecture - INFO - - 8014: Métricas y Monitoreo Avanzado
2025-11-06 08:11:08,305 - SilhouetteMCP-Enhanced-Architecture - INFO - Inicializando sistema de arquitectura mejorada...
2025-11-06 08:11:08,305 - SilhouetteMCP-Enhanced-Architecture - INFO - Inicializados 30 agentes mejorados
2025-11-06 08:11:08,305 - SilhouetteMCP-Enhanced-Architecture - INFO - Sistema de arquitectura mejorada inicializado correctamente
