2025-11-06 04:15:46,416 - SilhouetteMCP-Robust-Diagnostic - INFO - Iniciando SilhouetteMCP Robust Diagnostic System...
2025-11-06 04:15:46,416 - SilhouetteMCP-Robust-Diagnostic - INFO - Sistema de diagnóstico robusto sin dependencias externas problemáticas
2025-11-06 04:15:46,419 - SilhouetteMCP-Robust-Diagnostic - INFO - Puertos disponibles:
2025-11-06 04:15:46,420 - SilhouetteMCP-Robust-Diagnostic - INFO - - 8007: API de Diagnóstico Principal
2025-11-06 04:15:46,422 - SilhouetteMCP-Robust-Diagnostic - INFO - - 8008: Métricas en Tiempo Real (WebSocket)
2025-11-06 04:15:46,424 - SilhouetteMCP-Robust-Diagnostic - INFO - - 8009: Endpoints de Diagnóstico Avanzado
2025-11-06 04:15:56,120 - SilhouetteMCP-Robust-Diagnostic - INFO - Iniciando diagnóstico completo vía API
2025-11-06 04:15:56,121 - SilhouetteMCP-Robust-Diagnostic - INFO - Iniciando diagnóstico completo del sistema SilhouetteMCP
2025-11-06 04:15:56,121 - SilhouetteMCP-Robust-Diagnostic - INFO - Verificando archivos críticos del sistema...
2025-11-06 04:15:56,121 - SilhouetteMCP-Robust-Diagnostic - INFO - Verificando archivos críticos...
2025-11-06 04:15:56,127 - SilhouetteMCP-Robust-Diagnostic - INFO - Analizando arquitectura jerárquica...
2025-11-06 04:15:56,130 - SilhouetteMCP-Robust-Diagnostic - INFO - Analizando arquitectura jerárquica...
2025-11-06 04:15:56,135 - SilhouetteMCP-Robust-Diagnostic - INFO - Verificando servicios y procesos...
2025-11-06 04:15:56,135 - SilhouetteMCP-Robust-Diagnostic - INFO - Verificando servicios y procesos...
2025-11-06 04:15:56,142 - SilhouetteMCP-Robust-Diagnostic - INFO - Analizando dependencias críticas...
2025-11-06 04:15:56,142 - SilhouetteMCP-Robust-Diagnostic - INFO - Analizando dependencias críticas...
2025-11-06 04:15:56,161 - SilhouetteMCP-Robust-Diagnostic - INFO - Verificando configuración de seguridad...
2025-11-06 04:15:56,161 - SilhouetteMCP-Robust-Diagnostic - INFO - Verificando configuración de seguridad...
2025-11-06 04:15:56,163 - SilhouetteMCP-Robust-Diagnostic - INFO - Realizando análisis de performance...
2025-11-06 04:15:56,165 - SilhouetteMCP-Robust-Diagnostic - INFO - Realizando análisis de performance básico...
2025-11-06 04:15:56,334 - SilhouetteMCP-Robust-Diagnostic - INFO - Verificando integración entre sistemas...
2025-11-06 04:15:56,334 - SilhouetteMCP-Robust-Diagnostic - INFO - Analizando integración entre sistemas...
2025-11-06 04:16:04,488 - SilhouetteMCP-Robust-Diagnostic - INFO - Evaluando capacidades de escalabilidad...
2025-11-06 04:16:04,488 - SilhouetteMCP-Robust-Diagnostic - INFO - Analizando capacidades de escalabilidad...
2025-11-06 04:16:04,497 - SilhouetteMCP-Robust-Diagnostic - ERROR - Error analizando escalabilidad: 'in <string>' requires string as left operand, not tuple
2025-11-06 04:16:04,497 - SilhouetteMCP-Robust-Diagnostic - INFO - Verificando mecanismos de recuperación...
2025-11-06 04:16:04,497 - SilhouetteMCP-Robust-Diagnostic - INFO - Analizando mecanismos de recuperación...
2025-11-06 04:16:08,030 - SilhouetteMCP-Robust-Diagnostic - ERROR - Error analizando recuperación: object of type 'int' has no len()
2025-11-06 04:16:08,030 - SilhouetteMCP-Robust-Diagnostic - INFO - Diagnóstico completo finalizado en 11.91 segundos
2025-11-06 04:16:08,030 - SilhouetteMCP-Robust-Diagnostic - INFO - Puntuación general del sistema: 60/100
2025-11-06 04:21:53,991 - SilhouetteMCP-Robust-Diagnostic - INFO - Iniciando diagnóstico completo vía API
2025-11-06 04:21:53,992 - SilhouetteMCP-Robust-Diagnostic - INFO - Iniciando diagnóstico completo del sistema SilhouetteMCP
2025-11-06 04:21:53,992 - SilhouetteMCP-Robust-Diagnostic - INFO - Verificando archivos críticos del sistema...
2025-11-06 04:21:53,992 - SilhouetteMCP-Robust-Diagnostic - INFO - Verificando archivos críticos...
2025-11-06 04:21:54,001 - SilhouetteMCP-Robust-Diagnostic - INFO - Analizando arquitectura jerárquica...
2025-11-06 04:21:54,001 - SilhouetteMCP-Robust-Diagnostic - INFO - Analizando arquitectura jerárquica...
2025-11-06 04:21:54,006 - SilhouetteMCP-Robust-Diagnostic - INFO - Verificando servicios y procesos...
2025-11-06 04:21:54,006 - SilhouetteMCP-Robust-Diagnostic - INFO - Verificando servicios y procesos...
2025-11-06 04:21:54,013 - SilhouetteMCP-Robust-Diagnostic - INFO - Analizando dependencias críticas...
2025-11-06 04:21:54,013 - SilhouetteMCP-Robust-Diagnostic - INFO - Analizando dependencias críticas...
2025-11-06 04:21:54,028 - SilhouetteMCP-Robust-Diagnostic - INFO - Verificando configuración de seguridad...
2025-11-06 04:21:54,028 - SilhouetteMCP-Robust-Diagnostic - INFO - Verificando configuración de seguridad...
2025-11-06 04:21:54,030 - SilhouetteMCP-Robust-Diagnostic - INFO - Realizando análisis de performance...
2025-11-06 04:21:54,031 - SilhouetteMCP-Robust-Diagnostic - INFO - Realizando análisis de performance básico...
2025-11-06 04:21:54,197 - SilhouetteMCP-Robust-Diagnostic - INFO - Verificando integración entre sistemas...
2025-11-06 04:21:54,197 - SilhouetteMCP-Robust-Diagnostic - INFO - Analizando integración entre sistemas...
2025-11-06 04:22:01,651 - SilhouetteMCP-Robust-Diagnostic - INFO - Evaluando capacidades de escalabilidad...
2025-11-06 04:22:01,651 - SilhouetteMCP-Robust-Diagnostic - INFO - Analizando capacidades de escalabilidad...
2025-11-06 04:22:01,658 - SilhouetteMCP-Robust-Diagnostic - ERROR - Error analizando escalabilidad: 'in <string>' requires string as left operand, not tuple
2025-11-06 04:22:01,659 - SilhouetteMCP-Robust-Diagnostic - INFO - Verificando mecanismos de recuperación...
2025-11-06 04:22:01,659 - SilhouetteMCP-Robust-Diagnostic - INFO - Analizando mecanismos de recuperación...
2025-11-06 04:22:05,429 - SilhouetteMCP-Robust-Diagnostic - ERROR - Error analizando recuperación: object of type 'int' has no len()
2025-11-06 04:22:05,429 - SilhouetteMCP-Robust-Diagnostic - INFO - Diagnóstico completo finalizado en 11.44 segundos
2025-11-06 04:22:05,429 - SilhouetteMCP-Robust-Diagnostic - INFO - Puntuación general del sistema: 60/100
2025-11-06 08:11:00,749 - SilhouetteMCP-Robust-Diagnostic - INFO - Iniciando SilhouetteMCP Robust Diagnostic System...
2025-11-06 08:11:00,750 - SilhouetteMCP-Robust-Diagnostic - INFO - Sistema de diagnóstico robusto sin dependencias externas problemáticas
2025-11-06 08:11:00,750 - SilhouetteMCP-Robust-Diagnostic - INFO - Puertos disponibles:
2025-11-06 08:11:00,750 - SilhouetteMCP-Robust-Diagnostic - INFO - - 8007: API de Diagnóstico Principal
2025-11-06 08:11:00,750 - SilhouetteMCP-Robust-Diagnostic - INFO - - 8008: Métricas en Tiempo Real (WebSocket)
2025-11-06 08:11:00,750 - SilhouetteMCP-Robust-Diagnostic - INFO - - 8009: Endpoints de Diagnóstico Avanzado
